vite v7.1.6 building for production...
transforming...
Ô£ô 2534 modules transformed.
rendering chunks...
node.exe : [esbuild css minify]
En C:\Program Files\nodejs\npm.ps1: 29 Carácter: 3
+   & $NODE_EXE $NPM_CLI_JS $args
+   ~~~~~~~~~~~~~~~~~~~~~~~~~~~~~
    + CategoryInfo          : NotSpecified: ([esbuild css minify]:String) [], RemoteException
    + FullyQualifiedErrorId : NativeCommandError
 
Ôû▓ [WARNING] Unexpected "}" [css-syntax-error]

    <stdin>:5035:0:
      5035 Ôöé }
           ÔòÁ ^


computing gzip size...
dist/index.html                            0.46 kB Ôöé gzip:   0.30 kB
dist/assets/logo2-BtKiQH-e.png            78.83 kB
dist/assets/index-D-PfxbEw.css           186.23 kB Ôöé gzip:  29.53 kB
dist/assets/registerService-CaM4Arxt.js    0.30 kB Ôöé gzip:   0.25 kB
dist/assets/index-DNURlOEG.js            843.86 kB Ôöé gzip: 240.93 kB

(!) Some chunks are larger than 500 kB after minification. Consider:
- Using dynamic import() to code-split the application
- Use build.rollupOptions.output.manualChunks to improve chunking: 
https://rollupjs.org/configuration-options/#output-manualchunks
- Adjust chunk size limit for this warning via build.chunkSizeWarningLimit.
Ô£ô built in 10.55s

 RUN  v3.2.4 C:/Users/SHADOW/Desktop/desarrollo de software 2 F y B/ultimos/DS2-2-FRONTEND
      Coverage enabled with v8

 Ô£ô src/services/__tests__/softScheduleService.test.ts (26 tests) 37ms
 Ô£ô src/hooks/__tests__/useRoomAccessLogic.test.ts (27 tests) 203ms
 Ô£ô src/hooks/__tests__/useRoomAccess.test.ts (19 tests) 350ms
stdout | src/services/__tests__/monitorReportsService.test.ts > monitorReportsService > getMonitorStats > should calculate basic stats for monitor
Calculando estad├¡sticas b├ísicas para monitor (endpoints espec├¡ficos no disponibles)
Calculando estad├¡sticas b├ísicas para monitor...

stdout | src/services/__tests__/monitorReportsService.test.ts > monitorReportsService > getMonitorStats > should calculate basic stats for monitor
Schedules del monitor obtenidos desde backend: undefined
Entries del monitor obtenidos desde backend: undefined

stdout | src/services/__tests__/monitorReportsService.test.ts > monitorReportsService > getMonitorStats > should calculate basic stats for monitor
Datos obtenidos: { schedules: 0, entries: 0 }
Datos filtrados: { schedules: 0, entries: 0 }
Estad├¡sticas calculadas: {
  lateArrivals: 0,
  totalAssignedHours: 0,
  totalWorkedHours: 0,
  remainingHours: 0
}

stdout | src/services/__tests__/monitorReportsService.test.ts > monitorReportsService > getMonitorStats > should handle empty data
Calculando estad├¡sticas b├ísicas para monitor (endpoints espec├¡ficos no disponibles)
Calculando estad├¡sticas b├ísicas para monitor...

stdout | src/services/__tests__/monitorReportsService.test.ts > monitorReportsService > getMonitorStats > should handle empty data
Schedules del monitor obtenidos desde backend: undefined
Entries del monitor obtenidos desde backend: undefined

stdout | src/services/__tests__/monitorReportsService.test.ts > monitorReportsService > getMonitorStats > should handle empty data
Datos obtenidos: { schedules: 0, entries: 0 }
Datos filtrados: { schedules: 0, entries: 0 }
Estad├¡sticas calculadas: {
  lateArrivals: 0,
  totalAssignedHours: 0,
  totalWorkedHours: 0,
  remainingHours: 0
}

stdout | src/services/__tests__/monitorReportsService.test.ts > monitorReportsService > getMonitorStats > should apply room filter when room_id is provided
Calculando estad├¡sticas b├ísicas para monitor (endpoints espec├¡ficos no disponibles)
Calculando estad├¡sticas b├ísicas para monitor...

stdout | src/services/__tests__/monitorReportsService.test.ts > monitorReportsService > getMonitorStats > should apply room filter when room_id is provided
Schedules del monitor obtenidos desde backend: undefined
Entries del monitor obtenidos desde backend: undefined

stdout | src/services/__tests__/monitorReportsService.test.ts > monitorReportsService > getMonitorStats > should apply room filter when room_id is provided
Datos obtenidos: { schedules: 0, entries: 0 }
Datos filtrados: { schedules: 0, entries: 0 }
Estad├¡sticas calculadas: {
  lateArrivals: 0,
  totalAssignedHours: 0,
  totalWorkedHours: 0,
  remainingHours: 0
}

stdout | src/services/__tests__/monitorReportsService.test.ts > monitorReportsService > getMonitorWorkedHours > should calculate worked hours for monitor
Calculando horas trabajadas b├ísicas para monitor (endpoints espec├¡ficos no disponibles)
Calculando horas trabajadas b├ísicas para monitor...

stdout | src/services/__tests__/monitorReportsService.test.ts > monitorReportsService > getMonitorWorkedHours > should calculate worked hours for monitor
Entries del monitor obtenidos desde backend: undefined

stdout | src/services/__tests__/monitorReportsService.test.ts > monitorReportsService > getMonitorWorkedHours > should calculate worked hours for monitor
Schedules del monitor obtenidos desde backend: undefined

stdout | src/services/__tests__/monitorReportsService.test.ts > monitorReportsService > getMonitorWorkedHours > should calculate worked hours for monitor
Datos para horas trabajadas: { entries: 0, schedules: 0 }
Horas trabajadas calculadas: { totalWorkedHours: 0, totalAssignedHours: 0, compliancePercentage: 0 }

stdout | src/services/__tests__/monitorReportsService.test.ts > monitorReportsService > getMonitorWorkedHours > should handle empty data for worked hours
Calculando horas trabajadas b├ísicas para monitor (endpoints espec├¡ficos no disponibles)
Calculando horas trabajadas b├ísicas para monitor...

stdout | src/services/__tests__/monitorReportsService.test.ts > monitorReportsService > getMonitorWorkedHours > should handle empty data for worked hours
Entries del monitor obtenidos desde backend: undefined

stdout | src/services/__tests__/monitorReportsService.test.ts > monitorReportsService > getMonitorWorkedHours > should handle empty data for worked hours
Schedules del monitor obtenidos desde backend: undefined

stdout | src/services/__tests__/monitorReportsService.test.ts > monitorReportsService > getMonitorWorkedHours > should handle empty data for worked hours
Datos para horas trabajadas: { entries: 0, schedules: 0 }
Horas trabajadas calculadas: { totalWorkedHours: 0, totalAssignedHours: 0, compliancePercentage: 0 }

stdout | src/services/__tests__/monitorReportsService.test.ts > monitorReportsService > getMonitorSchedules > should fetch schedules from API
Schedules del monitor obtenidos desde backend: {
  schedules: [
    {
      id: 1,
      start_datetime: '2024-01-15T09:00:00Z',
      end_datetime: '2024-01-15T17:00:00Z',
      user_id: 1,
      room_id: 1
    },
    {
      id: 2,
      start_datetime: '2024-01-16T09:00:00Z',
      end_datetime: '2024-01-16T17:00:00Z',
      user_id: 1,
      room_id: 1
    }
  ]
}

stdout | src/services/__tests__/monitorReportsService.test.ts > monitorReportsService > getMonitorSchedules > should handle different response structures
Schedules del monitor obtenidos desde backend: {
  past_schedules: [
    {
      id: 1,
      start_datetime: '2024-01-15T09:00:00Z',
      end_datetime: '2024-01-15T17:00:00Z',
      user_id: 1,
      room_id: 1
    }
  ],
  current_schedules: [
    {
      id: 2,
      start_datetime: '2024-01-16T09:00:00Z',
      end_datetime: '2024-01-16T17:00:00Z',
      user_id: 1,
      room_id: 1
    }
  ],
  upcoming_schedules: []
}

stderr | src/services/__tests__/monitorReportsService.test.ts > monitorReportsService > getMonitorSchedules > should 
handle API errors with fallback
Error obteniendo schedules del monitor desde backend, usando fallback: Error: API Error
    at C:\Users\SHADOW\Desktop\desarrollo de software 2 F y 
B\ultimos\DS2-2-FRONTEND\src\services\__tests__\monitorReportsService.test.ts:175:54
    at file:///C:/Users/SHADOW/Desktop/desarrollo%20de%20software%202%20F%20y%20B/ultimos/DS2-2-FRONTEND/node_modules/@
vitest/runner/dist/chunk-hooks.js:155:11
    at file:///C:/Users/SHADOW/Desktop/desarrollo%20de%20software%202%20F%20y%20B/ultimos/DS2-2-FRONTEND/node_modules/@
vitest/runner/dist/chunk-hooks.js:752:26
stdout | src/services/__tests__/monitorReportsService.test.ts > monitorReportsService > getMonitorEntries > should fetch entries from API
Entries del monitor obtenidos desde backend: {
  entries: [
    {
      id: 1,
      entry_time: '2024-01-15T09:00:00Z',
      exit_time: '2024-01-15T17:00:00Z',
    at file:///C:/Users/SHADOW/Desktop/desarrollo%20de%20software%202%20F%20y%20B/ultimos/DS2-2-FRONTEND/node_modules/@
vitest/runner/dist/chunk-hooks.js:1897:20
    at new Promise (<anonymous>)
    at runWithTimeout (file:///C:/Users/SHADOW/Desktop/desarrollo%20de%20software%202%20F%20y%20B/ultimos/DS2-2-FRONTEN
D/node_modules/@vitest/runner/dist/chunk-hooks.js:1863:10)
    at runTest (file:///C:/Users/SHADOW/Desktop/desarrollo%20de%20software%202%20F%20y%20B/ultimos/DS2-2-FRONTEND/node_
modules/@vitest/runner/dist/chunk-hooks.js:1574:12)
    at processTicksAndRejections (node:internal/process/task_queues:105:5)
    at runSuite (file:///C:/Users/SHADOW/Desktop/desarrollo%20de%20software%202%20F%20y%20B/ultimos/DS2-2-FRONTEND/node
_modules/@vitest/runner/dist/chunk-hooks.js:1729:8)
    at runSuite (file:///C:/Users/SHADOW/Desktop/desarrollo%20de%20software%202%20F%20y%20B/ultimos/DS2-2-FRONTEND/node
_modules/@vitest/runner/dist/chunk-hooks.js:1729:8)

stderr | src/services/__tests__/monitorReportsService.test.ts > monitorReportsService > getMonitorEntries > should 
handle API errors with fallback
Error obteniendo entries del monitor desde backend, usando fallback: Error: API Error
    at C:\Users\SHADOW\Desktop\desarrollo de software 2 F y 
B\ultimos\DS2-2-FRONTEND\src\services\__tests__\monitorReportsService.test.ts:207:54
    at file:///C:/Users/SHADOW/Desktop/desarrollo%20de%20software%202%20F%20y%20B/ultimos/DS2-2-FRONTEND/node_modules/@
vitest/runner/dist/chunk-hooks.js:155:11
      user_id: 1,
      room_id: 1
    },
    {
      id: 2,
      entry_time: '2024-01-16T09:05:00Z',
      exit_time: '2024-01-16T17:00:00Z',
      user_id: 1,
      room_id: 1
    }
  ]
}

stdout | src/services/__tests__/monitorReportsService.test.ts > monitorReportsService > getMonitorEntries > should handle direct array response
Entries del monitor obtenidos desde backend: [
  {
    id: 1,
    entry_time: '2024-01-15T09:00:00Z',
    at file:///C:/Users/SHADOW/Desktop/desarrollo%20de%20software%202%20F%20y%20B/ultimos/DS2-2-FRONTEND/node_modules/@
vitest/runner/dist/chunk-hooks.js:752:26
    at file:///C:/Users/SHADOW/Desktop/desarrollo%20de%20software%202%20F%20y%20B/ultimos/DS2-2-FRONTEND/node_modules/@
vitest/runner/dist/chunk-hooks.js:1897:20
    at new Promise (<anonymous>)
    at runWithTimeout (file:///C:/Users/SHADOW/Desktop/desarrollo%20de%20software%202%20F%20y%20B/ultimos/DS2-2-FRONTEN
D/node_modules/@vitest/runner/dist/chunk-hooks.js:1863:10)
    at runTest (file:///C:/Users/SHADOW/Desktop/desarrollo%20de%20software%202%20F%20y%20B/ultimos/DS2-2-FRONTEND/node_
modules/@vitest/runner/dist/chunk-hooks.js:1574:12)
    at processTicksAndRejections (node:internal/process/task_queues:105:5)
    at runSuite (file:///C:/Users/SHADOW/Desktop/desarrollo%20de%20software%202%20F%20y%20B/ultimos/DS2-2-FRONTEND/node
_modules/@vitest/runner/dist/chunk-hooks.js:1729:8)
    exit_time: '2024-01-15T17:00:00Z',
    user_id: 1,
    room_id: 1
  },
  {
    id: 2,
    at runSuite (file:///C:/Users/SHADOW/Desktop/desarrollo%20de%20software%202%20F%20y%20B/ultimos/DS2-2-FRONTEND/node
_modules/@vitest/runner/dist/chunk-hooks.js:1729:8)

    entry_time: '2024-01-16T09:05:00Z',
    exit_time: '2024-01-16T17:00:00Z',
    user_id: 1,
    room_id: 1
  }
]

stdout | src/services/__tests__/monitorReportsService.test.ts > monitorReportsService > getMonitorEntries > should work without parameters
Entries del monitor obtenidos desde backend: {
  entries: [
    {
      id: 1,
      entry_time: '2024-01-15T09:00:00Z',
      exit_time: '2024-01-15T17:00:00Z',
      user_id: 1,
      room_id: 1
    },
    {
      id: 2,
      entry_time: '2024-01-16T09:05:00Z',
      exit_time: '2024-01-16T17:00:00Z',
      user_id: 1,
      room_id: 1
    }
  ]
}

stdout | src/services/__tests__/monitorReportsService.test.ts > monitorReportsService > calculateBasicStats > should calculate stats with valid data
Calculando estad├¡sticas b├ísicas para monitor...

stdout | src/services/__tests__/monitorReportsService.test.ts > monitorReportsService > calculateBasicStats > should calculate stats with valid data
Schedules del monitor obtenidos desde backend: undefined
Entries del monitor obtenidos desde backend: undefined

stdout | src/services/__tests__/monitorReportsService.test.ts > monitorReportsService > calculateBasicStats > should calculate stats with valid data
Datos obtenidos: { schedules: 0, entries: 0 }
Datos filtrados: { schedules: 0, entries: 0 }
Estad├¡sticas calculadas: {
  lateArrivals: 0,
  totalAssignedHours: 0,
  totalWorkedHours: 0,
  remainingHours: 0
}

stdout | src/services/__tests__/monitorReportsService.test.ts > monitorReportsService > calculateBasicStats > should handle invalid date formats gracefully
Calculando estad├¡sticas b├ísicas para monitor...

stdout | src/services/__tests__/monitorReportsService.test.ts > monitorReportsService > calculateBasicStats > should handle invalid date formats gracefully
Schedules del monitor obtenidos desde backend: undefined
Entries del monitor obtenidos desde backend: undefined

stdout | src/services/__tests__/monitorReportsService.test.ts > monitorReportsService > calculateBasicStats > should handle invalid date formats gracefully
Datos obtenidos: { schedules: 0, entries: 0 }
Datos filtrados: { schedules: 0, entries: 0 }
Estad├¡sticas calculadas: {
  lateArrivals: 0,
  totalAssignedHours: 0,
  totalWorkedHours: 0,
  remainingHours: 0
}

stdout | src/services/__tests__/monitorReportsService.test.ts > monitorReportsService > calculateBasicWorkedHours > should calculate worked hours with valid data
Calculando horas trabajadas b├ísicas para monitor...

stdout | src/services/__tests__/monitorReportsService.test.ts > monitorReportsService > calculateBasicWorkedHours > should calculate worked hours with valid data
Entries del monitor obtenidos desde backend: undefined

stdout | src/services/__tests__/monitorReportsService.test.ts > monitorReportsService > calculateBasicWorkedHours > should calculate worked hours with valid data
Schedules del monitor obtenidos desde backend: undefined

stdout | src/services/__tests__/monitorReportsService.test.ts > monitorReportsService > calculateBasicWorkedHours > should calculate worked hours with valid data
Datos para horas trabajadas: { entries: 0, schedules: 0 }
Horas trabajadas calculadas: { totalWorkedHours: 0, totalAssignedHours: 0, compliancePercentage: 0 }

stdout | src/services/__tests__/monitorReportsService.test.ts > monitorReportsService > calculateBasicWorkedHours > should handle empty data for worked hours calculation
Calculando horas trabajadas b├ísicas para monitor...

stdout | src/services/__tests__/monitorReportsService.test.ts > monitorReportsService > calculateBasicWorkedHours > should handle empty data for worked hours calculation
Entries del monitor obtenidos desde backend: undefined

stdout | src/services/__tests__/monitorReportsService.test.ts > monitorReportsService > calculateBasicWorkedHours > should handle empty data for worked hours calculation
Schedules del monitor obtenidos desde backend: undefined

stdout | src/services/__tests__/monitorReportsService.test.ts > monitorReportsService > calculateBasicWorkedHours > should handle empty data for worked hours calculation
Datos para horas trabajadas: { entries: 0, schedules: 0 }
Horas trabajadas calculadas: { totalWorkedHours: 0, totalAssignedHours: 0, compliancePercentage: 0 }

stdout | src/services/__tests__/monitorReportsService.test.ts > monitorReportsService > date filtering > should apply date filters correctly
Calculando estad├¡sticas b├ísicas para monitor (endpoints espec├¡ficos no disponibles)
Calculando estad├¡sticas b├ísicas para monitor...

stdout | src/services/__tests__/monitorReportsService.test.ts > monitorReportsService > date filtering > should apply date filters correctly
Schedules del monitor obtenidos desde backend: undefined
Entries del monitor obtenidos desde backend: undefined

stdout | src/services/__tests__/monitorReportsService.test.ts > monitorReportsService > date filtering > should apply date filters correctly
Datos obtenidos: { schedules: 0, entries: 0 }
Datos filtrados: { schedules: 0, entries: 0 }
Estad├¡sticas calculadas: {
  lateArrivals: 0,
  totalAssignedHours: 0,
  totalWorkedHours: 0,
  remainingHours: 0
}

stdout | src/services/__tests__/monitorReportsService.test.ts > monitorReportsService > error handling > should handle service errors gracefully
Calculando estad├¡sticas b├ísicas para monitor (endpoints espec├¡ficos no disponibles)
Calculando estad├¡sticas b├ísicas para monitor...
stderr | src/components/__tests__/SecurityGuard.test.tsx > SecurityGuard > Verificaci├│n de usuario > deber├¡a denegar 
acceso cuando el rol no coincide
Acceso denegado: Se requiere rol admin

stderr | src/components/__tests__/SecurityGuard.test.tsx > SecurityGuard > Verificaci├│n de usuario > deber├¡a denegar 
acceso cuando el usuario no est├í verificado y se requiere verificaci├│n
Acceso denegado: Usuario no verificado

stderr | src/components/__tests__/SecurityGuard.test.tsx > SecurityGuard > Verificaci├│n de token > deber├¡a denegar 
acceso cuando no hay token

Acceso denegado: Token no encontrado

stdout | src/services/__tests__/monitorReportsService.test.ts > monitorReportsService > error handling > should handle service errors gracefully
stderr | src/components/__tests__/SecurityGuard.test.tsx > SecurityGuard > Verificaci├│n de token > deber├¡a denegar 
acceso cuando el token es inv├ílido
Error verificando token: Error: Invalid token
Schedules del monitor obtenidos desde backend: undefined
Entries del monitor obtenidos desde backend: undefined

stdout | src/services/__tests__/monitorReportsService.test.ts > monitorReportsService > error handling > should handle service errors gracefully
Datos obtenidos: { schedules: 0, entries: 0 }
Datos filtrados: { schedules: 0, entries: 0 }
    at C:\Users\SHADOW\Desktop\desarrollo de software 2 F y 
B\ultimos\DS2-2-FRONTEND\src\components\__tests__\SecurityGuard.test.tsx:207:15
Estad├¡sticas calculadas: {
  lateArrivals: 0,
  totalAssignedHours: 0,
  totalWorkedHours: 0,
    at mockCall (file:///C:/Users/SHADOW/Desktop/desarrollo%20de%20software%202%20F%20y%20B/ultimos/DS2-2-FRONTEND/node
_modules/@vitest/spy/dist/index.js:96:15)
    at spy (file:///C:/Users/SHADOW/Desktop/desarrollo%20de%20software%202%20F%20y%20B/ultimos/DS2-2-FRONTEND/node_modu
les/tinyspy/dist/index.js:47:80)
    at checkAuthorization (C:\Users\SHADOW\Desktop\desarrollo de software 2 F y 
B\ultimos\DS2-2-FRONTEND\src\components\auth\SecurityGuard.tsx:55:36)
    at C:\Users\SHADOW\Desktop\desarrollo de software 2 F y 
B\ultimos\DS2-2-FRONTEND\src\components\auth\SecurityGuard.tsx:84:5
    at Object.react_stack_bottom_frame (C:\Users\SHADOW\Desktop\desarrollo de software 2 F y 
B\ultimos\DS2-2-FRONTEND\node_modules\react-dom\cjs\react-dom-client.development.js:23953:20)
    at runWithFiberInDEV (C:\Users\SHADOW\Desktop\desarrollo de software 2 F y 
B\ultimos\DS2-2-FRONTEND\node_modules\react-dom\cjs\react-dom-client.development.js:1522:13)
    at commitHookEffectListMount (C:\Users\SHADOW\Desktop\desarrollo de software 2 F y 
B\ultimos\DS2-2-FRONTEND\node_modules\react-dom\cjs\react-dom-client.development.js:11905:29)
    at commitHookPassiveMountEffects (C:\Users\SHADOW\Desktop\desarrollo de software 2 F y 
B\ultimos\DS2-2-FRONTEND\node_modules\react-dom\cjs\react-dom-client.development.js:12028:11)
    at commitPassiveMountOnFiber (C:\Users\SHADOW\Desktop\desarrollo de software 2 F y 
B\ultimos\DS2-2-FRONTEND\node_modules\react-dom\cjs\react-dom-client.development.js:13841:13)

stderr | src/components/__tests__/SecurityGuard.test.tsx > SecurityGuard > Verificaci├│n de token > deber├¡a denegar 
acceso cuando el token est├í expirado
  remainingHours: 0
}

 Ô£ô src/services/__tests__/monitorReportsService.test.ts (18 tests) 55ms
 Ô£ô src/components/__tests__/SecurityGuard.test.tsx (14 tests) 505ms
Acceso denegado: Token expirado

stderr | src/components/__tests__/SecurityGuard.test.tsx > SecurityGuard > Verificaci├│n de token > deber├¡a denegar 
acceso cuando el user_id del token no coincide
Acceso denegado: Token no coincide con usuario

 Ô£ô src/components/__tests__/ScheduleCalendar.test.tsx (13 tests) 1134ms
 Ô£ô src/services/__tests__/roomAccessService.test.ts (18 tests) 24ms
stderr | src/hooks/__tests__/useSmartData.test.ts > useSmartData > data loading > should handle fetch errors
Error cargando datos para test-key: Error: Test Error
    at C:\Users\SHADOW\Desktop\desarrollo de software 2 F y 
B\ultimos\DS2-2-FRONTEND\src\hooks\__tests__\useSmartData.test.ts:24:21
    at file:///C:/Users/SHADOW/Desktop/desarrollo%20de%20software%202%20F%20y%20B/ultimos/DS2-2-FRONTEND/node_modules/@
vitest/runner/dist/chunk-hooks.js:734:40
    at runWithSuite (file:///C:/Users/SHADOW/Desktop/desarrollo%20de%20software%202%20F%20y%20B/ultimos/DS2-2-FRONTEND/
node_modules/@vitest/runner/dist/chunk-hooks.js:1849:8)
    at Object.collect (file:///C:/Users/SHADOW/Desktop/desarrollo%20de%20software%202%20F%20y%20B/ultimos/DS2-2-FRONTEN
D/node_modules/@vitest/runner/dist/chunk-hooks.js:734:10)
    at Object.collect (file:///C:/Users/SHADOW/Desktop/desarrollo%20de%20software%202%20F%20y%20B/ultimos/DS2-2-FRONTEN
D/node_modules/@vitest/runner/dist/chunk-hooks.js:738:54)
    at collectTests (file:///C:/Users/SHADOW/Desktop/desarrollo%20de%20software%202%20F%20y%20B/ultimos/DS2-2-FRONTEND/
node_modules/@vitest/runner/dist/chunk-hooks.js:1179:25)
    at startTests (file:///C:/Users/SHADOW/Desktop/desarrollo%20de%20software%202%20F%20y%20B/ultimos/DS2-2-FRONTEND/no
de_modules/@vitest/runner/dist/chunk-hooks.js:1817:17)
    at file:///C:/Users/SHADOW/Desktop/desarrollo%20de%20software%202%20F%20y%20B/ultimos/DS2-2-FRONTEND/node_modules/v
itest/dist/chunks/runBaseTests.9Ij9_de-.js:117:26
    at withEnv (file:///C:/Users/SHADOW/Desktop/desarrollo%20de%20software%202%20F%20y%20B/ultimos/DS2-2-FRONTEND/node_
modules/vitest/dist/chunks/runBaseTests.9Ij9_de-.js:84:3)
    at run (file:///C:/Users/SHADOW/Desktop/desarrollo%20de%20software%202%20F%20y%20B/ultimos/DS2-2-FRONTEND/node_modu
les/vitest/dist/chunks/runBaseTests.9Ij9_de-.js:109:2)

stderr | src/hooks/__tests__/useSmartData.test.ts > useSmartData > data loading > should use fallback data on error
Error cargando datos para test-key: Error: Test Error
    at C:\Users\SHADOW\Desktop\desarrollo de software 2 F y 
B\ultimos\DS2-2-FRONTEND\src\hooks\__tests__\useSmartData.test.ts:24:21
    at file:///C:/Users/SHADOW/Desktop/desarrollo%20de%20software%202%20F%20y%20B/ultimos/DS2-2-FRONTEND/node_modules/@
vitest/runner/dist/chunk-hooks.js:734:40
    at runWithSuite (file:///C:/Users/SHADOW/Desktop/desarrollo%20de%20software%202%20F%20y%20B/ultimos/DS2-2-FRONTEND/
node_modules/@vitest/runner/dist/chunk-hooks.js:1849:8)
    at Object.collect (file:///C:/Users/SHADOW/Desktop/desarrollo%20de%20software%202%20F%20y%20B/ultimos/DS2-2-FRONTEN
D/node_modules/@vitest/runner/dist/chunk-hooks.js:734:10)
    at Object.collect (file:///C:/Users/SHADOW/Desktop/desarrollo%20de%20software%202%20F%20y%20B/ultimos/DS2-2-FRONTEN
D/node_modules/@vitest/runner/dist/chunk-hooks.js:738:54)
    at collectTests (file:///C:/Users/SHADOW/Desktop/desarrollo%20de%20software%202%20F%20y%20B/ultimos/DS2-2-FRONTEND/
node_modules/@vitest/runner/dist/chunk-hooks.js:1179:25)
    at startTests (file:///C:/Users/SHADOW/Desktop/desarrollo%20de%20software%202%20F%20y%20B/ultimos/DS2-2-FRONTEND/no
de_modules/@vitest/runner/dist/chunk-hooks.js:1817:17)
    at file:///C:/Users/SHADOW/Desktop/desarrollo%20de%20software%202%20F%20y%20B/ultimos/DS2-2-FRONTEND/node_modules/v
itest/dist/chunks/runBaseTests.9Ij9_de-.js:117:26
    at withEnv (file:///C:/Users/SHADOW/Desktop/desarrollo%20de%20software%202%20F%20y%20B/ultimos/DS2-2-FRONTEND/node_
modules/vitest/dist/chunks/runBaseTests.9Ij9_de-.js:84:3)
    at run (file:///C:/Users/SHADOW/Desktop/desarrollo%20de%20software%202%20F%20y%20B/ultimos/DS2-2-FRONTEND/node_modu
les/vitest/dist/chunks/runBaseTests.9Ij9_de-.js:109:2)

 Ô£ô src/components/__tests__/ForgotPassword.test.tsx (13 tests) 318ms
 Ô£ô src/services/__tests__/scheduleService.test.ts (8 tests) 20ms
stderr | src/utils/__tests__/tokenUtils.test.ts > tokenUtils > handleTokenError > deber├¡a manejar error de token 
corrupto
Error de token: { message: 'Token con formato inv├ílido' }
Token corrupto detectado, limpiando datos de autenticaci├│n...

stderr | src/utils/__tests__/tokenUtils.test.ts > tokenUtils > handleTokenError > deber├¡a manejar error de token 
inv├ílido
Error de token: { message: 'Token inv├ílido o corrupto' }
Token corrupto detectado, limpiando datos de autenticaci├│n...

stderr | src/utils/__tests__/tokenUtils.test.ts > tokenUtils > handleTokenError > deber├¡a manejar error de 
decodificaci├│n
Error de token: { message: 'Error al decodificar' }
Token corrupto detectado, limpiando datos de autenticaci├│n...

stderr | src/utils/__tests__/tokenUtils.test.ts > tokenUtils > handleTokenError > deber├¡a manejar otros errores sin 
desloguear
Error de token: { message: 'Problema de permisos' }

stderr | src/utils/__tests__/tokenUtils.test.ts > tokenUtils > handleTokenError > deber├¡a manejar errores sin mensaje
Error de token: { code: 'UNKNOWN_ERROR' }
Error de token no cr├¡tico: { code: 'UNKNOWN_ERROR' }

 Ô£ô src/utils/__tests__/tokenUtils.test.ts (16 tests) 32ms
 Ô£ô src/components/profile/__tests__/ProfileEditForm.test.tsx (11 tests) 371ms
stderr | src/hooks/__tests__/useSmartData.test.ts > useSmartData > passive updates > should integrate with 
usePassiveUpdates
An update to TestComponent inside a test was not wrapped in act(...).

When testing, code that causes React state updates should be wrapped into act(...):

act(() => {
  /* fire events that update state */
});
/* assert on the output */

This ensures that you're testing the behavior the user would see in the browser. Learn more at 
https://react.dev/link/wrap-tests-with-act

stderr | src/hooks/__tests__/useSmartData.test.ts > useSmartData > passive updates > should disable passive updates 
when configured
An update to TestComponent inside a test was not wrapped in act(...).

When testing, code that causes React state updates should be wrapped into act(...):

act(() => {
  /* fire events that update state */
});
/* assert on the output */

This ensures that you're testing the behavior the user would see in the browser. Learn more at 
https://react.dev/link/wrap-tests-with-act

stderr | src/hooks/__tests__/useSmartData.test.ts > useSmartData > return values > should return all expected 
properties
An update to TestComponent inside a test was not wrapped in act(...).

When testing, code that causes React state updates should be wrapped into act(...):

act(() => {
  /* fire events that update state */
});
/* assert on the output */

This ensures that you're testing the behavior the user would see in the browser. Learn more at 
https://react.dev/link/wrap-tests-with-act

stderr | src/hooks/__tests__/useSmartData.test.ts > useCachedData > should work as a simplified version of useSmartData
An update to TestComponent inside a test was not wrapped in act(...).

When testing, code that causes React state updates should be wrapped into act(...):

act(() => {
  /* fire events that update state */
});
/* assert on the output */

This ensures that you're testing the behavior the user would see in the browser. Learn more at 
https://react.dev/link/wrap-tests-with-act
An update to TestComponent inside a test was not wrapped in act(...).

When testing, code that causes React state updates should be wrapped into act(...):

act(() => {
  /* fire events that update state */
});
/* assert on the output */

This ensures that you're testing the behavior the user would see in the browser. Learn more at 
https://react.dev/link/wrap-tests-with-act

stderr | src/hooks/__tests__/useSmartData.test.ts > useCachedData > should use default options when none provided
An update to TestComponent inside a test was not wrapped in act(...).

When testing, code that causes React state updates should be wrapped into act(...):

act(() => {
  /* fire events that update state */
});
/* assert on the output */

This ensures that you're testing the behavior the user would see in the browser. Learn more at 
https://react.dev/link/wrap-tests-with-act

 ÔØ» src/hooks/__tests__/useSmartData.test.ts (16 tests | 1 failed) 5473ms
   Ô£ô useSmartData > initial state > should have correct initial state 30ms
   Ô£ô useSmartData > data loading > should load data from API when not cached 11ms
   Ô£ô useSmartData > data loading > should load data from cache when available 12ms
   Ô£ô useSmartData > data loading > should handle fetch errors 16ms
   Ô£ô useSmartData > data loading > should use fallback data on error 10ms
   Ô£ô useSmartData > cache management > should invalidate cache and reload 3ms
   ├ù useSmartData > cache management > should invalidate cache when dependencies change 5005ms
     ÔåÆ Test timed out in 5000ms.
If this is a long-running test, pass a timeout value as the last argument or configure it globally with "testTimeout".
   Ô£ô useSmartData > passive updates > should integrate with usePassiveUpdates 5ms
   Ô£ô useSmartData > passive updates > should disable passive updates when configured 3ms
   Ô£ô useSmartData > preloading > should preload data when enabled 117ms
   Ô£ô useSmartData > preloading > should not preload when disabled 115ms
   Ô£ô useSmartData > data staleness > should mark data as stale after TTL 132ms
   Ô£ô useSmartData > refetch functionality > should refetch data when refetch is called 2ms
   Ô£ô useSmartData > return values > should return all expected properties 2ms
   Ô£ô useCachedData > should work as a simplified version of useSmartData 2ms
   Ô£ô useCachedData > should use default options when none provided 2ms
 Ô£ô src/components/rooms/__tests__/ComputerModal.test.tsx (12 tests) 397ms
stderr | src/services/__tests__/equipmentService.test.ts > equipmentService > getEquipment > should throw error when 
API call fails
Error fetching equipment: Error: API Error
    at C:\Users\SHADOW\Desktop\desarrollo de software 2 F y 
B\ultimos\DS2-2-FRONTEND\src\services\__tests__\equipmentService.test.ts:57:25
    at file:///C:/Users/SHADOW/Desktop/desarrollo%20de%20software%202%20F%20y%20B/ultimos/DS2-2-FRONTEND/node_modules/@
vitest/runner/dist/chunk-hooks.js:155:11
    at file:///C:/Users/SHADOW/Desktop/desarrollo%20de%20software%202%20F%20y%20B/ultimos/DS2-2-FRONTEND/node_modules/@
vitest/runner/dist/chunk-hooks.js:752:26
    at file:///C:/Users/SHADOW/Desktop/desarrollo%20de%20software%202%20F%20y%20B/ultimos/DS2-2-FRONTEND/node_modules/@
vitest/runner/dist/chunk-hooks.js:1897:20
    at new Promise (<anonymous>)
    at runWithTimeout (file:///C:/Users/SHADOW/Desktop/desarrollo%20de%20software%202%20F%20y%20B/ultimos/DS2-2-FRONTEN
D/node_modules/@vitest/runner/dist/chunk-hooks.js:1863:10)
    at runTest (file:///C:/Users/SHADOW/Desktop/desarrollo%20de%20software%202%20F%20y%20B/ultimos/DS2-2-FRONTEND/node_
modules/@vitest/runner/dist/chunk-hooks.js:1574:12)
    at processTicksAndRejections (node:internal/process/task_queues:105:5)
    at runSuite (file:///C:/Users/SHADOW/Desktop/desarrollo%20de%20software%202%20F%20y%20B/ultimos/DS2-2-FRONTEND/node
_modules/@vitest/runner/dist/chunk-hooks.js:1729:8)
    at runSuite (file:///C:/Users/SHADOW/Desktop/desarrollo%20de%20software%202%20F%20y%20B/ultimos/DS2-2-FRONTEND/node
_modules/@vitest/runner/dist/chunk-hooks.js:1729:8)

stderr | src/services/__tests__/equipmentService.test.ts > equipmentService > getEquipmentById > should throw error 
when API call fails
Error fetching equipment: Error: Not Found
    at C:\Users\SHADOW\Desktop\desarrollo de software 2 F y 
B\ultimos\DS2-2-FRONTEND\src\services\__tests__\equipmentService.test.ts:83:25
    at file:///C:/Users/SHADOW/Desktop/desarrollo%20de%20software%202%20F%20y%20B/ultimos/DS2-2-FRONTEND/node_modules/@
vitest/runner/dist/chunk-hooks.js:155:11
    at file:///C:/Users/SHADOW/Desktop/desarrollo%20de%20software%202%20F%20y%20B/ultimos/DS2-2-FRONTEND/node_modules/@
vitest/runner/dist/chunk-hooks.js:752:26
    at file:///C:/Users/SHADOW/Desktop/desarrollo%20de%20software%202%20F%20y%20B/ultimos/DS2-2-FRONTEND/node_modules/@
vitest/runner/dist/chunk-hooks.js:1897:20
    at new Promise (<anonymous>)
    at runWithTimeout (file:///C:/Users/SHADOW/Desktop/desarrollo%20de%20software%202%20F%20y%20B/ultimos/DS2-2-FRONTEN
D/node_modules/@vitest/runner/dist/chunk-hooks.js:1863:10)
    at runTest (file:///C:/Users/SHADOW/Desktop/desarrollo%20de%20software%202%20F%20y%20B/ultimos/DS2-2-FRONTEND/node_
modules/@vitest/runner/dist/chunk-hooks.js:1574:12)
    at processTicksAndRejections (node:internal/process/task_queues:105:5)
    at runSuite (file:///C:/Users/SHADOW/Desktop/desarrollo%20de%20software%202%20F%20y%20B/ultimos/DS2-2-FRONTEND/node
_modules/@vitest/runner/dist/chunk-hooks.js:1729:8)
    at runSuite (file:///C:/Users/SHADOW/Desktop/desarrollo%20de%20software%202%20F%20y%20B/ultimos/DS2-2-FRONTEND/node
_modules/@vitest/runner/dist/chunk-hooks.js:1729:8)

stderr | src/services/__tests__/equipmentService.test.ts > equipmentService > createEquipment > should throw error 
when creation fails
Error creating equipment: Error: Validation Error
    at C:\Users\SHADOW\Desktop\desarrollo de software 2 F y 
B\ultimos\DS2-2-FRONTEND\src\services\__tests__\equipmentService.test.ts:119:25
    at file:///C:/Users/SHADOW/Desktop/desarrollo%20de%20software%202%20F%20y%20B/ultimos/DS2-2-FRONTEND/node_modules/@
vitest/runner/dist/chunk-hooks.js:155:11
    at file:///C:/Users/SHADOW/Desktop/desarrollo%20de%20software%202%20F%20y%20B/ultimos/DS2-2-FRONTEND/node_modules/@
vitest/runner/dist/chunk-hooks.js:752:26
    at file:///C:/Users/SHADOW/Desktop/desarrollo%20de%20software%202%20F%20y%20B/ultimos/DS2-2-FRONTEND/node_modules/@
vitest/runner/dist/chunk-hooks.js:1897:20
    at new Promise (<anonymous>)
    at runWithTimeout (file:///C:/Users/SHADOW/Desktop/desarrollo%20de%20software%202%20F%20y%20B/ultimos/DS2-2-FRONTEN
D/node_modules/@vitest/runner/dist/chunk-hooks.js:1863:10)
    at runTest (file:///C:/Users/SHADOW/Desktop/desarrollo%20de%20software%202%20F%20y%20B/ultimos/DS2-2-FRONTEND/node_
modules/@vitest/runner/dist/chunk-hooks.js:1574:12)
    at processTicksAndRejections (node:internal/process/task_queues:105:5)
    at runSuite (file:///C:/Users/SHADOW/Desktop/desarrollo%20de%20software%202%20F%20y%20B/ultimos/DS2-2-FRONTEND/node
_modules/@vitest/runner/dist/chunk-hooks.js:1729:8)
    at runSuite (file:///C:/Users/SHADOW/Desktop/desarrollo%20de%20software%202%20F%20y%20B/ultimos/DS2-2-FRONTEND/node
_modules/@vitest/runner/dist/chunk-hooks.js:1729:8)

stderr | src/services/__tests__/equipmentService.test.ts > equipmentService > updateEquipment > should throw error 
when update fails
Error updating equipment: Error: Update Failed
    at C:\Users\SHADOW\Desktop\desarrollo de software 2 F y 
B\ultimos\DS2-2-FRONTEND\src\services\__tests__\equipmentService.test.ts:153:25
    at file:///C:/Users/SHADOW/Desktop/desarrollo%20de%20software%202%20F%20y%20B/ultimos/DS2-2-FRONTEND/node_modules/@
vitest/runner/dist/chunk-hooks.js:155:11
    at file:///C:/Users/SHADOW/Desktop/desarrollo%20de%20software%202%20F%20y%20B/ultimos/DS2-2-FRONTEND/node_modules/@
vitest/runner/dist/chunk-hooks.js:752:26
    at file:///C:/Users/SHADOW/Desktop/desarrollo%20de%20software%202%20F%20y%20B/ultimos/DS2-2-FRONTEND/node_modules/@
vitest/runner/dist/chunk-hooks.js:1897:20
    at new Promise (<anonymous>)
    at runWithTimeout (file:///C:/Users/SHADOW/Desktop/desarrollo%20de%20software%202%20F%20y%20B/ultimos/DS2-2-FRONTEN
D/node_modules/@vitest/runner/dist/chunk-hooks.js:1863:10)
    at runTest (file:///C:/Users/SHADOW/Desktop/desarrollo%20de%20software%202%20F%20y%20B/ultimos/DS2-2-FRONTEND/node_
modules/@vitest/runner/dist/chunk-hooks.js:1574:12)
    at processTicksAndRejections (node:internal/process/task_queues:105:5)
    at runSuite (file:///C:/Users/SHADOW/Desktop/desarrollo%20de%20software%202%20F%20y%20B/ultimos/DS2-2-FRONTEND/node
_modules/@vitest/runner/dist/chunk-hooks.js:1729:8)
    at runSuite (file:///C:/Users/SHADOW/Desktop/desarrollo%20de%20software%202%20F%20y%20B/ultimos/DS2-2-FRONTEND/node
_modules/@vitest/runner/dist/chunk-hooks.js:1729:8)

stderr | src/services/__tests__/equipmentService.test.ts > equipmentService > deleteEquipment > should throw error 
when deletion fails
Error deleting equipment: Error: Delete Failed
    at C:\Users\SHADOW\Desktop\desarrollo de software 2 F y 
B\ultimos\DS2-2-FRONTEND\src\services\__tests__\equipmentService.test.ts:170:25
    at file:///C:/Users/SHADOW/Desktop/desarrollo%20de%20software%202%20F%20y%20B/ultimos/DS2-2-FRONTEND/node_modules/@
vitest/runner/dist/chunk-hooks.js:155:11
    at file:///C:/Users/SHADOW/Desktop/desarrollo%20de%20software%202%20F%20y%20B/ultimos/DS2-2-FRONTEND/node_modules/@
vitest/runner/dist/chunk-hooks.js:752:26
    at file:///C:/Users/SHADOW/Desktop/desarrollo%20de%20software%202%20F%20y%20B/ultimos/DS2-2-FRONTEND/node_modules/@
vitest/runner/dist/chunk-hooks.js:1897:20
    at new Promise (<anonymous>)
    at runWithTimeout (file:///C:/Users/SHADOW/Desktop/desarrollo%20de%20software%202%20F%20y%20B/ultimos/DS2-2-FRONTEN
D/node_modules/@vitest/runner/dist/chunk-hooks.js:1863:10)
    at runTest (file:///C:/Users/SHADOW/Desktop/desarrollo%20de%20software%202%20F%20y%20B/ultimos/DS2-2-FRONTEND/node_
modules/@vitest/runner/dist/chunk-hooks.js:1574:12)
    at processTicksAndRejections (node:internal/process/task_queues:105:5)
    at runSuite (file:///C:/Users/SHADOW/Desktop/desarrollo%20de%20software%202%20F%20y%20B/ultimos/DS2-2-FRONTEND/node
_modules/@vitest/runner/dist/chunk-hooks.js:1729:8)
    at runSuite (file:///C:/Users/SHADOW/Desktop/desarrollo%20de%20software%202%20F%20y%20B/ultimos/DS2-2-FRONTEND/node
_modules/@vitest/runner/dist/chunk-hooks.js:1729:8)

stderr | src/services/__tests__/equipmentService.test.ts > equipmentService > getEquipmentReports > should throw error 
when reports fetch fails
Error fetching equipment reports: Error: Reports Error
    at C:\Users\SHADOW\Desktop\desarrollo de software 2 F y 
B\ultimos\DS2-2-FRONTEND\src\services\__tests__\equipmentService.test.ts:205:25
    at file:///C:/Users/SHADOW/Desktop/desarrollo%20de%20software%202%20F%20y%20B/ultimos/DS2-2-FRONTEND/node_modules/@
vitest/runner/dist/chunk-hooks.js:155:11
    at file:///C:/Users/SHADOW/Desktop/desarrollo%20de%20software%202%20F%20y%20B/ultimos/DS2-2-FRONTEND/node_modules/@
vitest/runner/dist/chunk-hooks.js:752:26
    at file:///C:/Users/SHADOW/Desktop/desarrollo%20de%20software%202%20F%20y%20B/ultimos/DS2-2-FRONTEND/node_modules/@
vitest/runner/dist/chunk-hooks.js:1897:20
    at new Promise (<anonymous>)
    at runWithTimeout (file:///C:/Users/SHADOW/Desktop/desarrollo%20de%20software%202%20F%20y%20B/ultimos/DS2-2-FRONTEN
D/node_modules/@vitest/runner/dist/chunk-hooks.js:1863:10)
    at runTest (file:///C:/Users/SHADOW/Desktop/desarrollo%20de%20software%202%20F%20y%20B/ultimos/DS2-2-FRONTEND/node_
modules/@vitest/runner/dist/chunk-hooks.js:1574:12)
    at processTicksAndRejections (node:internal/process/task_queues:105:5)
    at runSuite (file:///C:/Users/SHADOW/Desktop/desarrollo%20de%20software%202%20F%20y%20B/ultimos/DS2-2-FRONTEND/node
_modules/@vitest/runner/dist/chunk-hooks.js:1729:8)
    at runSuite (file:///C:/Users/SHADOW/Desktop/desarrollo%20de%20software%202%20F%20y%20B/ultimos/DS2-2-FRONTEND/node
_modules/@vitest/runner/dist/chunk-hooks.js:1729:8)

 Ô£ô src/services/__tests__/equipmentService.test.ts (15 tests) 36ms
 ÔØ» src/components/__tests__/UserManagement.test.tsx (7 tests | 1 failed) 628ms
   Ô£ô UserManagement > renderiza el componente de gesti├│n de usuarios 107ms
   Ô£ô UserManagement > muestra el bot├│n de crear usuario para administradores 19ms
   ├ù UserManagement > renderiza los filtros de b├║squeda 146ms
     ÔåÆ expected [ ÔÇª(1) ] to have a length of 2 but got 1
   Ô£ô UserManagement > permite cambiar los filtros de b├║squeda 23ms
   Ô£ô UserManagement > muestra el bot├│n de crear usuario 18ms
   Ô£ô UserManagement > bloquea edici├│n de otros administradores 174ms
   Ô£ô UserManagement > bloquea acciones para el administrador principal (id=1) 136ms
stderr | src/utils/__tests__/performanceOptimizer.test.ts > PerformanceOptimizer > preloadCriticalData > should 
preload data when enabled
Error pre-cargando dashboard_data: TypeError: Cannot read properties of undefined (reading 'ok')
    at C:\Users\SHADOW\Desktop\desarrollo de software 2 F y 
B\ultimos\DS2-2-FRONTEND\src\utils\performanceOptimizer.ts:52:22
    at processTicksAndRejections (node:internal/process/task_queues:105:5)
    at async Promise.allSettled (index 1)
    at PerformanceOptimizer.preloadCriticalData (C:\Users\SHADOW\Desktop\desarrollo de software 2 F y 
B\ultimos\DS2-2-FRONTEND\src\utils\performanceOptimizer.ts:61:5)
    at C:\Users\SHADOW\Desktop\desarrollo de software 2 F y 
B\ultimos\DS2-2-FRONTEND\src\utils\__tests__\performanceOptimizer.test.ts:72:7
    at file:///C:/Users/SHADOW/Desktop/desarrollo%20de%20software%202%20F%20y%20B/ultimos/DS2-2-FRONTEND/node_modules/@
vitest/runner/dist/chunk-hooks.js:752:20
Error pre-cargando notifications: TypeError: Cannot read properties of undefined (reading 'ok')
    at C:\Users\SHADOW\Desktop\desarrollo de software 2 F y 
B\ultimos\DS2-2-FRONTEND\src\utils\performanceOptimizer.ts:52:22
    at processTicksAndRejections (node:internal/process/task_queues:105:5)
    at async Promise.allSettled (index 2)
    at PerformanceOptimizer.preloadCriticalData (C:\Users\SHADOW\Desktop\desarrollo de software 2 F y 
B\ultimos\DS2-2-FRONTEND\src\utils\performanceOptimizer.ts:61:5)
    at C:\Users\SHADOW\Desktop\desarrollo de software 2 F y 
B\ultimos\DS2-2-FRONTEND\src\utils\__tests__\performanceOptimizer.test.ts:72:7
    at file:///C:/Users/SHADOW/Desktop/desarrollo%20de%20software%202%20F%20y%20B/ultimos/DS2-2-FRONTEND/node_modules/@
vitest/runner/dist/chunk-hooks.js:752:20
Error pre-cargando rooms_list: TypeError: Cannot read properties of undefined (reading 'ok')
    at C:\Users\SHADOW\Desktop\desarrollo de software 2 F y 
B\ultimos\DS2-2-FRONTEND\src\utils\performanceOptimizer.ts:52:22
    at processTicksAndRejections (node:internal/process/task_queues:105:5)
    at async Promise.allSettled (index 3)
    at PerformanceOptimizer.preloadCriticalData (C:\Users\SHADOW\Desktop\desarrollo de software 2 F y 
B\ultimos\DS2-2-FRONTEND\src\utils\performanceOptimizer.ts:61:5)
    at C:\Users\SHADOW\Desktop\desarrollo de software 2 F y 
B\ultimos\DS2-2-FRONTEND\src\utils\__tests__\performanceOptimizer.test.ts:72:7
    at file:///C:/Users/SHADOW/Desktop/desarrollo%20de%20software%202%20F%20y%20B/ultimos/DS2-2-FRONTEND/node_modules/@
vitest/runner/dist/chunk-hooks.js:752:20

stderr | src/utils/__tests__/performanceOptimizer.test.ts > PerformanceOptimizer > preloadCriticalData > should handle 
fetch errors gracefully
Error pre-cargando user_profile: Error: Network error
    at C:\Users\SHADOW\Desktop\desarrollo de software 2 F y 
B\ultimos\DS2-2-FRONTEND\src\utils\__tests__\performanceOptimizer.test.ts:88:46
    at file:///C:/Users/SHADOW/Desktop/desarrollo%20de%20software%202%20F%20y%20B/ultimos/DS2-2-FRONTEND/node_modules/@
vitest/runner/dist/chunk-hooks.js:155:11
    at file:///C:/Users/SHADOW/Desktop/desarrollo%20de%20software%202%20F%20y%20B/ultimos/DS2-2-FRONTEND/node_modules/@
vitest/runner/dist/chunk-hooks.js:752:26
    at file:///C:/Users/SHADOW/Desktop/desarrollo%20de%20software%202%20F%20y%20B/ultimos/DS2-2-FRONTEND/node_modules/@
vitest/runner/dist/chunk-hooks.js:1897:20
    at new Promise (<anonymous>)
    at runWithTimeout (file:///C:/Users/SHADOW/Desktop/desarrollo%20de%20software%202%20F%20y%20B/ultimos/DS2-2-FRONTEN
D/node_modules/@vitest/runner/dist/chunk-hooks.js:1863:10)
    at runTest (file:///C:/Users/SHADOW/Desktop/desarrollo%20de%20software%202%20F%20y%20B/ultimos/DS2-2-FRONTEND/node_
modules/@vitest/runner/dist/chunk-hooks.js:1574:12)
    at processTicksAndRejections (node:internal/process/task_queues:105:5)
    at runSuite (file:///C:/Users/SHADOW/Desktop/desarrollo%20de%20software%202%20F%20y%20B/ultimos/DS2-2-FRONTEND/node
_modules/@vitest/runner/dist/chunk-hooks.js:1729:8)
    at runSuite (file:///C:/Users/SHADOW/Desktop/desarrollo%20de%20software%202%20F%20y%20B/ultimos/DS2-2-FRONTEND/node
_modules/@vitest/runner/dist/chunk-hooks.js:1729:8)
Error pre-cargando dashboard_data: TypeError: Cannot read properties of undefined (reading 'ok')
    at C:\Users\SHADOW\Desktop\desarrollo de software 2 F y 
B\ultimos\DS2-2-FRONTEND\src\utils\performanceOptimizer.ts:52:22
    at processTicksAndRejections (node:internal/process/task_queues:105:5)
    at async Promise.allSettled (index 1)
    at PerformanceOptimizer.preloadCriticalData (C:\Users\SHADOW\Desktop\desarrollo de software 2 F y 
B\ultimos\DS2-2-FRONTEND\src\utils\performanceOptimizer.ts:61:5)
Error pre-cargando notifications: TypeError: Cannot read properties of undefined (reading 'ok')
    at C:\Users\SHADOW\Desktop\desarrollo de software 2 F y 
B\ultimos\DS2-2-FRONTEND\src\utils\performanceOptimizer.ts:52:22
    at processTicksAndRejections (node:internal/process/task_queues:105:5)
    at async Promise.allSettled (index 2)
    at PerformanceOptimizer.preloadCriticalData (C:\Users\SHADOW\Desktop\desarrollo de software 2 F y 
B\ultimos\DS2-2-FRONTEND\src\utils\performanceOptimizer.ts:61:5)
Error pre-cargando rooms_list: TypeError: Cannot read properties of undefined (reading 'ok')
    at C:\Users\SHADOW\Desktop\desarrollo de software 2 F y 
B\ultimos\DS2-2-FRONTEND\src\utils\performanceOptimizer.ts:52:22
    at processTicksAndRejections (node:internal/process/task_queues:105:5)
    at async Promise.allSettled (index 3)
    at PerformanceOptimizer.preloadCriticalData (C:\Users\SHADOW\Desktop\desarrollo de software 2 F y 
B\ultimos\DS2-2-FRONTEND\src\utils\performanceOptimizer.ts:61:5)

stderr | src/utils/__tests__/performanceOptimizer.test.ts
AggregateError: 
    at internalConnectMultiple (node:net:1139:18)
    at afterConnectMultiple (node:net:1714:7) {
  code: 'ECONNREFUSED',
  [errors]: [
    Error: connect ECONNREFUSED ::1:3000
        at createConnectionError (node:net:1677:14)
        at afterConnectMultiple (node:net:1707:16) {
      errno: -4078,
      code: 'ECONNREFUSED',
      syscall: 'connect',
      address: '::1',
      port: 3000
    },
    Error: connect ECONNREFUSED 127.0.0.1:3000
        at createConnectionError (node:net:1677:14)
        at afterConnectMultiple (node:net:1707:16) {
      errno: -4078,
      code: 'ECONNREFUSED',
      syscall: 'connect',
      address: '127.0.0.1',
      port: 3000
    }
  ]
}

stderr | src/utils/__tests__/performanceOptimizer.test.ts
Error pre-cargando user_profile: DOMException [NetworkError]: Failed to execute "fetch()" on "Window" with URL 
"http://localhost:3000/api/auth/profile/": 
    at Fetch.onError (file:///C:/Users/SHADOW/Desktop/desarrollo%20de%20software%202%20F%20y%20B/ultimos/DS2-2-FRONTEND
/node_modules/happy-dom/lib/fetch/Fetch.js:541:21)
    at ClientRequest.emit (node:events:518:28)
    at emitErrorEvent (node:_http_client:104:11)
    at Socket.socketErrorListener (node:_http_client:518:5)
    at Socket.emit (node:events:518:28)
    at emitErrorNT (node:internal/streams/destroy:170:8)
    at emitErrorCloseNT (node:internal/streams/destroy:129:3)
    at processTicksAndRejections (node:internal/process/task_queues:90:21)

stderr | src/utils/__tests__/performanceOptimizer.test.ts
AggregateError: 
    at internalConnectMultiple (node:net:1139:18)
    at afterConnectMultiple (node:net:1714:7) {
  code: 'ECONNREFUSED',
  [errors]: [
    Error: connect ECONNREFUSED ::1:3000
        at createConnectionError (node:net:1677:14)
        at afterConnectMultiple (node:net:1707:16) {
      errno: -4078,
      code: 'ECONNREFUSED',
      syscall: 'connect',
      address: '::1',
      port: 3000
    },
    Error: connect ECONNREFUSED 127.0.0.1:3000
        at createConnectionError (node:net:1677:14)
        at afterConnectMultiple (node:net:1707:16) {
      errno: -4078,
      code: 'ECONNREFUSED',
      syscall: 'connect',
      address: '127.0.0.1',
      port: 3000
    }
  ]
}

stderr | src/utils/__tests__/performanceOptimizer.test.ts
Error pre-cargando dashboard_data: DOMException [NetworkError]: Failed to execute "fetch()" on "Window" with URL 
"http://localhost:3000/api/auth/dashboard/": 
    at Fetch.onError (file:///C:/Users/SHADOW/Desktop/desarrollo%20de%20software%202%20F%20y%20B/ultimos/DS2-2-FRONTEND
/node_modules/happy-dom/lib/fetch/Fetch.js:541:21)
    at ClientRequest.emit (node:events:518:28)
    at emitErrorEvent (node:_http_client:104:11)
    at Socket.socketErrorListener (node:_http_client:518:5)
    at Socket.emit (node:events:518:28)
    at emitErrorNT (node:internal/streams/destroy:170:8)
    at emitErrorCloseNT (node:internal/streams/destroy:129:3)
    at processTicksAndRejections (node:internal/process/task_queues:90:21)

stderr | src/utils/__tests__/performanceOptimizer.test.ts
AggregateError: 
    at internalConnectMultiple (node:net:1139:18)
    at afterConnectMultiple (node:net:1714:7) {
  code: 'ECONNREFUSED',
  [errors]: [
    Error: connect ECONNREFUSED ::1:3000
        at createConnectionError (node:net:1677:14)
        at afterConnectMultiple (node:net:1707:16) {
      errno: -4078,
      code: 'ECONNREFUSED',
      syscall: 'connect',
      address: '::1',
      port: 3000
    },
    Error: connect ECONNREFUSED 127.0.0.1:3000
        at createConnectionError (node:net:1677:14)
        at afterConnectMultiple (node:net:1707:16) {
      errno: -4078,
      code: 'ECONNREFUSED',
      syscall: 'connect',
      address: '127.0.0.1',
      port: 3000
    }
  ]
}

stderr | src/utils/__tests__/performanceOptimizer.test.ts
Error pre-cargando notifications: DOMException [NetworkError]: Failed to execute "fetch()" on "Window" with URL 
"http://localhost:3000/api/notifications/": 
    at Fetch.onError (file:///C:/Users/SHADOW/Desktop/desarrollo%20de%20software%202%20F%20y%20B/ultimos/DS2-2-FRONTEND
/node_modules/happy-dom/lib/fetch/Fetch.js:541:21)
    at ClientRequest.emit (node:events:518:28)
    at emitErrorEvent (node:_http_client:104:11)
    at Socket.socketErrorListener (node:_http_client:518:5)
    at Socket.emit (node:events:518:28)
 Ô£ô src/utils/__tests__/performanceOptimizer.test.ts (10 tests) 36ms
    at emitErrorNT (node:internal/streams/destroy:170:8)
    at emitErrorCloseNT (node:internal/streams/destroy:129:3)
    at processTicksAndRejections (node:internal/process/task_queues:90:21)

stderr | src/utils/__tests__/performanceOptimizer.test.ts
AggregateError: 
    at internalConnectMultiple (node:net:1139:18)
    at afterConnectMultiple (node:net:1714:7) {
  code: 'ECONNREFUSED',
  [errors]: [
    Error: connect ECONNREFUSED ::1:3000
        at createConnectionError (node:net:1677:14)
        at afterConnectMultiple (node:net:1707:16) {
      errno: -4078,
      code: 'ECONNREFUSED',
      syscall: 'connect',
      address: '::1',
      port: 3000
    },
    Error: connect ECONNREFUSED 127.0.0.1:3000
        at createConnectionError (node:net:1677:14)
        at afterConnectMultiple (node:net:1707:16) {
      errno: -4078,
      code: 'ECONNREFUSED',
      syscall: 'connect',
      address: '127.0.0.1',
      port: 3000
    }
  ]
}

stderr | src/utils/__tests__/performanceOptimizer.test.ts
Error pre-cargando rooms_list: DOMException [NetworkError]: Failed to execute "fetch()" on "Window" with URL 
"http://localhost:3000/api/rooms/": 
    at Fetch.onError (file:///C:/Users/SHADOW/Desktop/desarrollo%20de%20software%202%20F%20y%20B/ultimos/DS2-2-FRONTEND
/node_modules/happy-dom/lib/fetch/Fetch.js:541:21)
    at ClientRequest.emit (node:events:518:28)
    at emitErrorEvent (node:_http_client:104:11)
    at Socket.socketErrorListener (node:_http_client:518:5)
    at Socket.emit (node:events:518:28)
    at emitErrorNT (node:internal/streams/destroy:170:8)
    at emitErrorCloseNT (node:internal/streams/destroy:129:3)
    at processTicksAndRejections (node:internal/process/task_queues:90:21)

 Ô£ô src/utils/__tests__/errorHandler.test.ts (20 tests) 13ms
 Ô£ô src/components/debug/__tests__/ScheduleValidationDebug.test.tsx (10 tests) 564ms
 Ô£ô src/components/profile/__tests__/ProfileEditModal.test.tsx (8 tests) 506ms
 Ô£ô src/components/__tests__/NotificationBell.test.tsx (4 tests) 246ms
 Ô£ô src/utils/__tests__/timeHelpers.test.ts (9 tests) 46ms
stdout | src/components/__tests__/AdminApproval.test.tsx > AdminApproval > renderiza el componente correctamente
AdminApproval - Par├ímetros recibidos: { action: 'approved', user: 'testuser', error: null }

stdout | src/components/__tests__/AdminApproval.test.tsx > AdminApproval > muestra estado de carga inicialmente
AdminApproval - Par├ímetros recibidos: { action: null, user: null, error: null }

stdout | src/components/__tests__/AdminApproval.test.tsx > AdminApproval > muestra mensaje de aprobaci├│n exitosa
AdminApproval - Par├ímetros recibidos: { action: 'approved', user: 'testuser', error: null }

 Ô£ô src/components/__tests__/MainLayout.test.tsx (4 tests) 88ms
stdout | src/components/__tests__/AdminApproval.test.tsx > AdminApproval > muestra mensaje de aprobaci├│n exitosa
AdminApproval - Par├ímetros recibidos: { action: 'approved', user: 'testuser', error: null }

stdout | src/components/__tests__/AdminApproval.test.tsx > AdminApproval > muestra mensaje de rechazo exitoso
AdminApproval - Par├ímetros recibidos: { action: 'rejected', user: 'testuser', error: null }

stdout | src/components/__tests__/AdminApproval.test.tsx > AdminApproval > muestra mensaje de rechazo exitoso
AdminApproval - Par├ímetros recibidos: { action: 'rejected', user: 'testuser', error: null }

stdout | src/components/__tests__/AdminApproval.test.tsx > AdminApproval > muestra error de token expirado
AdminApproval - Par├ímetros recibidos: { action: null, user: null, error: 'expired' }

stderr | src/components/__tests__/RoomAccessController.test.tsx > RoomAccessController > deber├¡a renderizar sin 
errores
Error checking room access: TypeError: Cannot read properties of undefined (reading 'canAccess')
    at C:\Users\SHADOW\Desktop\desarrollo de software 2 F y 
B\ultimos\DS2-2-FRONTEND\src\components\rooms\RoomAccessController.tsx:41:35
    at processTicksAndRejections (node:internal/process/task_queues:105:5)

stderr | src/components/__tests__/RoomAccessController.test.tsx > RoomAccessController > deber├¡a manejar errores en 
la verificaci├│n de acceso
Error checking room access: Error: Error de acceso
    at C:\Users\SHADOW\Desktop\desarrollo de software 2 F y 
B\ultimos\DS2-2-FRONTEND\src\components\__tests__\RoomAccessController.test.tsx:84:23
    at file:///C:/Users/SHADOW/Desktop/desarrollo%20de%20software%202%20F%20y%20B/ultimos/DS2-2-FRONTEND/node_modules/@
vitest/runner/dist/chunk-hooks.js:155:11
    at file:///C:/Users/SHADOW/Desktop/desarrollo%20de%20software%202%20F%20y%20B/ultimos/DS2-2-FRONTEND/node_modules/@
vitest/runner/dist/chunk-hooks.js:752:26
    at file:///C:/Users/SHADOW/Desktop/desarrollo%20de%20software%202%20F%20y%20B/ultimos/DS2-2-FRONTEND/node_modules/@
vitest/runner/dist/chunk-hooks.js:1897:20
    at new Promise (<anonymous>)
    at runWithTimeout (file:///C:/Users/SHADOW/Desktop/desarrollo%20de%20software%202%20F%20y%20B/ultimos/DS2-2-FRONTEN
D/node_modules/@vitest/runner/dist/chunk-hooks.js:1863:10)
    at runTest (file:///C:/Users/SHADOW/Desktop/desarrollo%20de%20software%202%20F%20y%20B/ultimos/DS2-2-FRONTEND/node_
modules/@vitest/runner/dist/chunk-hooks.js:1574:12)
    at runSuite (file:///C:/Users/SHADOW/Desktop/desarrollo%20de%20software%202%20F%20y%20B/ultimos/DS2-2-FRONTEND/node
_modules/@vitest/runner/dist/chunk-hooks.js:1729:8)
    at runSuite (file:///C:/Users/SHADOW/Desktop/desarrollo%20de%20software%202%20F%20y%20B/ultimos/DS2-2-FRONTEND/node
_modules/@vitest/runner/dist/chunk-hooks.js:1729:8)
    at runFiles (file:///C:/Users/SHADOW/Desktop/desarrollo%20de%20software%202%20F%20y%20B/ultimos/DS2-2-FRONTEND/node
_modules/@vitest/runner/dist/chunk-hooks.js:1787:3)

 Ô£ô src/components/__tests__/RoomAccessController.test.tsx (6 tests) 127ms
stderr | src/utils/__tests__/softSecurityMiddleware.test.ts > softSecurityMiddleware > softSecureApiCall > deber├¡a 
fallar cuando no hay token
Token no encontrado en localStorage
Error de seguridad (soft): Error: No autorizado: Token no encontrado. Por favor, inicia sesi├│n nuevamente.
    at Module.softSecureApiCall (C:\Users\SHADOW\Desktop\desarrollo de software 2 F y 
B\ultimos\DS2-2-FRONTEND\src\utils\softSecurityMiddleware.ts:14:13)
    at C:\Users\SHADOW\Desktop\desarrollo de software 2 F y 
B\ultimos\DS2-2-FRONTEND\src\utils\__tests__\softSecurityMiddleware.test.ts:36:20
    at file:///C:/Users/SHADOW/Desktop/desarrollo%20de%20software%202%20F%20y%20B/ultimos/DS2-2-FRONTEND/node_modules/@
vitest/runner/dist/chunk-hooks.js:155:11
    at file:///C:/Users/SHADOW/Desktop/desarrollo%20de%20software%202%20F%20y%20B/ultimos/DS2-2-FRONTEND/node_modules/@
vitest/runner/dist/chunk-hooks.js:752:26
    at file:///C:/Users/SHADOW/Desktop/desarrollo%20de%20software%202%20F%20y%20B/ultimos/DS2-2-FRONTEND/node_modules/@
vitest/runner/dist/chunk-hooks.js:1897:20
    at new Promise (<anonymous>)
    at runWithTimeout (file:///C:/Users/SHADOW/Desktop/desarrollo%20de%20software%202%20F%20y%20B/ultimos/DS2-2-FRONTEN
D/node_modules/@vitest/runner/dist/chunk-hooks.js:1863:10)
    at runTest (file:///C:/Users/SHADOW/Desktop/desarrollo%20de%20software%202%20F%20y%20B/ultimos/DS2-2-FRONTEND/node_
modules/@vitest/runner/dist/chunk-hooks.js:1574:12)
    at processTicksAndRejections (node:internal/process/task_queues:105:5)
    at runSuite (file:///C:/Users/SHADOW/Desktop/desarrollo%20de%20software%202%20F%20y%20B/ultimos/DS2-2-FRONTEND/node
_modules/@vitest/runner/dist/chunk-hooks.js:1729:8)

stderr | src/utils/__tests__/softSecurityMiddleware.test.ts > softSecurityMiddleware > softSecureApiCall > deber├¡a 
fallar con token inv├ílido
Token inv├ílido: Token inv├ílido
Error de seguridad (soft): Error: No autorizado: Token inv├ílido
    at Module.softSecureApiCall (C:\Users\SHADOW\Desktop\desarrollo de software 2 F y 
B\ultimos\DS2-2-FRONTEND\src\utils\softSecurityMiddleware.ts:23:13)
    at C:\Users\SHADOW\Desktop\desarrollo de software 2 F y 
B\ultimos\DS2-2-FRONTEND\src\utils\__tests__\softSecurityMiddleware.test.ts:54:20
    at processTicksAndRejections (node:internal/process/task_queues:105:5)
    at file:///C:/Users/SHADOW/Desktop/desarrollo%20de%20software%202%20F%20y%20B/ultimos/DS2-2-FRONTEND/node_modules/@
vitest/runner/dist/chunk-hooks.js:752:20

stderr | src/utils/__tests__/softSecurityMiddleware.test.ts > softSecurityMiddleware > softSecureApiCall > deber├¡a 
fallar con rol incorrecto
Error de seguridad (soft): Error: No autorizado: Se requiere rol admin para test action. Rol actual: monitor
    at Module.softSecureApiCall (C:\Users\SHADOW\Desktop\desarrollo de software 2 F y 
B\ultimos\DS2-2-FRONTEND\src\utils\softSecurityMiddleware.ts:33:15)
    at C:\Users\SHADOW\Desktop\desarrollo de software 2 F y 
B\ultimos\DS2-2-FRONTEND\src\utils\__tests__\softSecurityMiddleware.test.ts:73:20
    at processTicksAndRejections (node:internal/process/task_queues:105:5)
    at file:///C:/Users/SHADOW/Desktop/desarrollo%20de%20software%202%20F%20y%20B/ultimos/DS2-2-FRONTEND/node_modules/@
vitest/runner/dist/chunk-hooks.js:752:20

 Ô£ô src/utils/__tests__/softSecurityMiddleware.test.ts (6 tests) 25ms
stdout | src/components/__tests__/AdminApproval.test.tsx > AdminApproval > muestra error de token expirado
AdminApproval - Par├ímetros recibidos: { action: null, user: null, error: 'expired' }

stdout | src/components/__tests__/AdminApproval.test.tsx > AdminApproval > muestra error de token inv├ílido
AdminApproval - Par├ímetros recibidos: { action: null, user: null, error: 'invalid_token' }

stdout | src/components/__tests__/AdminApproval.test.tsx > AdminApproval > muestra error de token inv├ílido
AdminApproval - Par├ímetros recibidos: { action: null, user: null, error: 'invalid_token' }

stdout | src/components/__tests__/AdminApproval.test.tsx > AdminApproval > permite navegar al dashboard
AdminApproval - Par├ímetros recibidos: { action: 'approved', user: 'testuser', error: null }

stdout | src/components/__tests__/AdminApproval.test.tsx > AdminApproval > permite navegar al dashboard
AdminApproval - Par├ímetros recibidos: { action: 'approved', user: 'testuser', error: null }

stdout | src/components/__tests__/AdminApproval.test.tsx > AdminApproval > permite navegar al login
AdminApproval - Par├ímetros recibidos: { action: 'approved', user: 'testuser', error: null }

 Ô£ô src/components/__tests__/ResetPassword.test.tsx (5 tests) 173ms
 Ô£ô src/services/__tests__/notificationService.test.ts (6 tests) 13ms
stdout | src/components/__tests__/AdminApproval.test.tsx > AdminApproval > permite navegar al login
AdminApproval - Par├ímetros recibidos: { action: 'approved', user: 'testuser', error: null }

 Ô£ô src/components/__tests__/AdminApproval.test.tsx (8 tests) 6362ms
   Ô£ô AdminApproval > muestra mensaje de aprobaci├│n exitosa  1026ms
   Ô£ô AdminApproval > muestra mensaje de rechazo exitoso  1023ms
   Ô£ô AdminApproval > muestra error de token expirado  1047ms
   Ô£ô AdminApproval > muestra error de token inv├ílido  1042ms
   Ô£ô AdminApproval > permite navegar al dashboard  1088ms
   Ô£ô AdminApproval > permite navegar al login  1071ms
 Ô£ô src/components/__tests__/AuthContext.test.tsx (3 tests) 75ms
 Ô£ô src/components/__tests__/LeftSidebar.test.tsx (5 tests) 143ms
stdout | src/components/__tests__/RoomStatsRow.lateArrivals.test.tsx > RoomStatsRow - Late Arrivals > calcula y muestra llegadas tarde correctamente
­ƒöì DEBUG CARD LLEGADAS TARDE:
Month range: 2025-10-01 to 2025-11-01

stdout | src/components/__tests__/RoomStatsRow.lateArrivals.test.tsx > RoomStatsRow - Late Arrivals > calcula y muestra llegadas tarde correctamente
Total late arrivals this month: 0
Setting lateMonth to: 0
lateMonth state should be: 0

stdout | src/components/__tests__/RoomStatsRow.lateArrivals.test.tsx > RoomStatsRow - Late Arrivals > maneja eventos de actualizaci├│n en tiempo real
­ƒöì DEBUG CARD LLEGADAS TARDE:
Month range: 2025-10-01 to 2025-11-01
­ƒöì DEBUG CARD LLEGADAS TARDE:
Month range: 2025-10-01 to 2025-11-01

stdout | src/components/__tests__/RoomStatsRow.lateArrivals.test.tsx > RoomStatsRow - Late Arrivals > maneja eventos de actualizaci├│n en tiempo real
Total late arrivals this month: 0
Setting lateMonth to: 0
lateMonth state should be: 0
Total late arrivals this month: 0
Setting lateMonth to: 0
lateMonth state should be: 0

stdout | src/components/__tests__/RoomStatsRow.lateArrivals.test.tsx > RoomStatsRow - Late Arrivals > maneja eventos de salida de sala
­ƒöì DEBUG CARD LLEGADAS TARDE:
Month range: 2025-10-01 to 2025-11-01
­ƒöì DEBUG CARD LLEGADAS TARDE:
Month range: 2025-10-01 to 2025-11-01

stdout | src/components/__tests__/RoomStatsRow.lateArrivals.test.tsx > RoomStatsRow - Late Arrivals > maneja eventos de salida de sala
Total late arrivals this month: 0
Setting lateMonth to: 0
lateMonth state should be: 0
Total late arrivals this month: 0
Setting lateMonth to: 0
lateMonth state should be: 0

stdout | src/components/__tests__/RoomStatsRow.lateArrivals.test.tsx > RoomStatsRow - Late Arrivals > maneja eventos de actualizaci├│n de turnos
­ƒöì DEBUG CARD LLEGADAS TARDE:
Month range: 2025-10-01 to 2025-11-01

stdout | src/components/__tests__/RoomStatsRow.lateArrivals.test.tsx > RoomStatsRow - Late Arrivals > maneja eventos de actualizaci├│n de turnos
Total late arrivals this month: 0
Setting lateMonth to: 0
lateMonth state should be: 0

 Ô£ô src/components/__tests__/RoomStatsRow.lateArrivals.test.tsx (4 tests) 129ms
stderr | src/components/__tests__/RoomPanel.lateArrival.test.tsx > RoomPanel - Late Arrival Detection > renderiza el 
componente correctamente
An update to RoomPanel inside a test was not wrapped in act(...).

When testing, code that causes React state updates should be wrapped into act(...):

act(() => {
  /* fire events that update state */
});
/* assert on the output */

This ensures that you're testing the behavior the user would see in the browser. Learn more at 
https://react.dev/link/wrap-tests-with-act

stderr | src/components/__tests__/RoomPanel.lateArrival.test.tsx > RoomPanel - Late Arrival Detection > muestra el 
select de salas
An update to RoomPanel inside a test was not wrapped in act(...).

When testing, code that causes React state updates should be wrapped into act(...):

act(() => {
  /* fire events that update state */
});
/* assert on the output */

This ensures that you're testing the behavior the user would see in the browser. Learn more at 
https://react.dev/link/wrap-tests-with-act

stderr | src/components/__tests__/RoomPanel.lateArrival.test.tsx > RoomPanel - Late Arrival Detection > maneja el clic 
en el bot├│n de registro
An update to RoomPanel inside a test was not wrapped in act(...).

When testing, code that causes React state updates should be wrapped into act(...):

act(() => {
  /* fire events that update state */
});
/* assert on the output */

This ensures that you're testing the behavior the user would see in the browser. Learn more at 
https://react.dev/link/wrap-tests-with-act

 Ô£ô src/utils/__tests__/api.admin.test.ts (3 tests) 13ms
 Ô£ô src/components/__tests__/RoomPanel.lateArrival.test.tsx (3 tests) 116ms
 Ô£ô src/services/__tests__/index.test.ts (11 tests) 11ms
 Ô£ô src/services/__tests__/userManagementService.admin.test.ts (3 tests) 40ms
 Ô£ô src/utils/__tests__/roomAccessErrors.test.ts (6 tests) 11ms
 Ô£ô src/components/__tests__/FaultReportModal.test.tsx (3 tests) 205ms
 Ô£ô src/services/__tests__/scheduleService.compliance.test.ts (3 tests) 18ms
 Ô£ô src/components/__tests__/RoomModal.test.tsx (3 tests) 187ms
 Ô£ô src/services/__tests__/roomEntryService.test.ts (5 tests) 14ms
 Ô£ô src/utils/__tests__/scheduleValidation.test.ts (4 tests) 9ms
 Ô£ô src/services/__tests__/authService.test.ts (4 tests) 12ms
 Ô£ô src/components/__tests__/ReportModal.admin.test.tsx (1 test) 177ms
 Ô£ô src/components/__tests__/Register.success.test.tsx (1 test) 236ms
 Ô£ô src/components/__tests__/ProtectedRoute.test.tsx (2 tests) 60ms
 Ô£ô src/services/__tests__/passwordService.extra.test.ts (3 tests) 13ms
 Ô£ô src/components/__tests__/RoomPanel.register.test.tsx (1 test) 143ms
 Ô£ô src/components/__tests__/RoomPanel.test.tsx (1 test) 94ms
 Ô£ô src/services/__tests__/passwordService.errors.test.ts (3 tests) 13ms
stderr | src/services/__tests__/roomManagementService.reports.test.ts > roomManagementService reports parsing > parsea 
issues desde issue_type CSV y formatea fecha sin segundos
Error: connect ECONNREFUSED 127.0.0.1:8000
    at TCPConnectWrap.afterConnect [as oncomplete] (node:net:1636:16) {
  errno: -4078,
  code: 'ECONNREFUSED',
  syscall: 'connect',
  address: '127.0.0.1',
  port: 8000
}

stderr | src/services/__tests__/roomManagementService.reports.test.ts > roomManagementService reports parsing > parsea 
issues desde issue_type CSV y formatea fecha sin segundos
Error: connect ECONNREFUSED 127.0.0.1:8000
    at TCPConnectWrap.afterConnect [as oncomplete] (node:net:1636:16) {
  errno: -4078,
  code: 'ECONNREFUSED',
  syscall: 'connect',
  address: '127.0.0.1',
  port: 8000
}

stderr | src/services/__tests__/roomManagementService.reports.test.ts > roomManagementService reports parsing > parsea 
issues desde issue_type CSV y formatea fecha sin segundos
Error: connect ECONNREFUSED 127.0.0.1:8000
    at TCPConnectWrap.afterConnect [as oncomplete] (node:net:1636:16) {
  errno: -4078,
  code: 'ECONNREFUSED',
  syscall: 'connect',
  address: '127.0.0.1',
  port: 8000
}

stderr | src/services/__tests__/roomManagementService.reports.test.ts > roomManagementService reports parsing > parsea 
issues desde issue_type CSV y formatea fecha sin segundos
Error: connect ECONNREFUSED 127.0.0.1:8000
    at TCPConnectWrap.afterConnect [as oncomplete] (node:net:1636:16) {
  errno: -4078,
  code: 'ECONNREFUSED',
  syscall: 'connect',
  address: '127.0.0.1',
  port: 8000
}

 Ô£ô src/services/__tests__/roomManagementService.reports.test.ts (1 test) 81ms
 Ô£ô src/components/__tests__/RouteGuards.test.tsx (2 tests) 48ms
stdout | src/components/__tests__/RoomManagement.test.tsx > RoomManagement > renderiza el componente de gesti├│n de salas
Listados de asistencia cargados: []

stderr | src/components/__tests__/RoomManagement.test.tsx > RoomManagement > renderiza el componente de gesti├│n de 
salas
An update to RoomManagement inside a test was not wrapped in act(...).

When testing, code that causes React state updates should be wrapped into act(...):

act(() => {
  /* fire events that update state */
});
/* assert on the output */

This ensures that you're testing the behavior the user would see in the browser. Learn more at 
https://react.dev/link/wrap-tests-with-act
An update to RoomManagement inside a test was not wrapped in act(...).

When testing, code that causes React state updates should be wrapped into act(...):

act(() => {
  /* fire events that update state */
});
/* assert on the output */

This ensures that you're testing the behavior the user would see in the browser. Learn more at 
https://react.dev/link/wrap-tests-with-act

 Ô£ô src/components/__tests__/RoomManagement.test.tsx (1 test) 73ms
 Ô£ô src/components/__tests__/Register.test.tsx (1 test) 167ms
 Ô£ô src/components/__tests__/RoomHistory.test.tsx (1 test) 134ms
 Ô£ô src/utils/__tests__/api.errors.test.ts (2 tests) 12ms
 Ô£ô src/utils/__tests__/api.test.ts (2 tests) 13ms
 Ô£ô src/components/__tests__/BlankPage.test.tsx (2 tests) 49ms
 Ô£ô src/components/layout/DashboardLayout.test.tsx (2 tests) 262ms
 Ô£ô src/services/__tests__/registerService.test.ts (1 test) 11ms
 Ô£ô src/components/__tests__/VisibleFor.test.tsx (1 test) 40ms
 Ô£ô src/App.test.tsx (2 tests) 98ms
stdout | src/components/__tests__/RoomStatsRow.test.tsx > RoomStatsRow > renderiza con valores iniciales y actualiza
­ƒöì DEBUG CARD LLEGADAS TARDE:
Month range: 2025-10-01 to 2025-11-01

stdout | src/components/__tests__/RoomStatsRow.test.tsx > RoomStatsRow > renderiza con valores iniciales y actualiza
Total late arrivals this month: 0
Setting lateMonth to: 0
lateMonth state should be: 0

 Ô£ô src/components/__tests__/RoomStatsRow.test.tsx (1 test) 64ms
 Ô£ô src/services/__tests__/roomManagementService.delete.test.ts (1 test) 10ms
 Ô£ô src/components/__tests__/RightSidebar.test.tsx (1 test) 69ms
 Ô£ô src/components/__tests__/BackgroundRainParticles.test.tsx (1 test) 38ms

ÔÄ»ÔÄ»ÔÄ»ÔÄ»ÔÄ»ÔÄ»ÔÄ» Failed Tests 2 ÔÄ»ÔÄ»ÔÄ»ÔÄ»ÔÄ»ÔÄ»ÔÄ»

 FAIL  src/hooks/__tests__/useSmartData.test.ts > useSmartData > cache management > should invalidate cache when 
dependencies change
Error: Test timed out in 5000ms.
If this is a long-running test, pass a timeout value as the last argument or configure it globally with "testTimeout".
 ÔØ» src/hooks/__tests__/useSmartData.test.ts:151:9
    149|     })
    150| 
    151|         it('should invalidate cache when dependencies change', async (ÔÇª
       |         ^
    152|           const { rerender } = renderHook(
    153|             ({ deps }) =>

ÔÄ»ÔÄ»ÔÄ»ÔÄ»ÔÄ»ÔÄ»ÔÄ»ÔÄ»ÔÄ»ÔÄ»ÔÄ»ÔÄ»ÔÄ»ÔÄ»ÔÄ»ÔÄ»ÔÄ»ÔÄ»ÔÄ»ÔÄ»ÔÄ»ÔÄ»ÔÄ»ÔÄ»[1/2]ÔÄ»

 FAIL  src/components/__tests__/UserManagement.test.tsx > UserManagement > renderiza los filtros de b├║squeda
AssertionError: expected [ ÔÇª(1) ] to have a length of 2 but got 1

- Expected
+ Received

- 2
+ 1

 ÔØ» src/components/__tests__/UserManagement.test.tsx:91:52
     89| 
     90|     expect(screen.getByPlaceholderText('Buscar por nombre, email o c├®dÔÇª
     91|     expect(screen.getAllByText('Limpiar Filtros')).toHaveLength(2);
       |                                                    ^
     92|   });
     93| 

ÔÄ»ÔÄ»ÔÄ»ÔÄ»ÔÄ»ÔÄ»ÔÄ»ÔÄ»ÔÄ»ÔÄ»ÔÄ»ÔÄ»ÔÄ»ÔÄ»ÔÄ»ÔÄ»ÔÄ»ÔÄ»ÔÄ»ÔÄ»ÔÄ»ÔÄ»ÔÄ»ÔÄ»[2/2]ÔÄ»


 Test Files  2 failed | 62 passed (64)
      Tests  2 failed | 421 passed (423)
   Start at  03:34:20
   Duration  70.34s (transform 4.82s, setup 22.44s, collect 24.12s, tests 20.67s, environment 83.47s, prepare 22.50s)

